0.10ms
0.11ms
0.09ms
0.10ms
0.11ms
0.11ms
0.12ms
